[wp.ditsolution.net/itsoft/new-it-consulting/index.html]
[backblue.gif]
[fade.gif]
[index.html]
[wp.ditsolution.net/itsoft/wp-includes/css/dist/block-library/style.min5352.css]
[wp.ditsolution.net/itsoft/wp-content/cache/min/1/itsoft/wp-content/plugins/contact-form-7/includes/css/styles919a.css]
[wp.ditsolution.net/itsoft/wp-content/plugins/preloader-plus/assets/css/preloader-plus.min77e6.css]
[wp.ditsolution.net/itsoft/wp-content/cache/min/1/itsoft/wp-content/plugins/header-footer-elementor/assets/css/header-footer-elementor919a.css]
[wp.ditsolution.net/itsoft/wp-content/cache/min/1/itsoft/wp-content/plugins/elementor/assets/lib/eicons/css/elementor-icons.min919a.css]
[wp.ditsolution.net/itsoft/wp-content/plugins/elementor/assets/css/frontend-legacy.minf3df.css]
[wp.ditsolution.net/itsoft/wp-content/plugins/elementor/assets/css/frontend.minf3df.css]
[wp.ditsolution.net/itsoft/new-it-consulting/Firefox/index.html]
[wp.ditsolution.net/itsoft/wp-content/uploads/elementor/css/post-8864b.css]
[wp.ditsolution.net/itsoft/wp-content/cache/min/1/itsoft/wp-content/themes/itsoft/widgets/css/widget-style-two919a.css]
[wp.ditsolution.net/itsoft/wp-content/cache/min/1/itsoft/wp-content/themes/itsoft/widgets/css/widget-style-three919a.css]
[wp.ditsolution.net/itsoft/wp-content/cache/min/1/itsoft/wp-content/themes/itsoft/widgets/css/widgets-style5fef.css]
[wp.ditsolution.net/itsoft/wp-content/cache/min/1/itsoft/wp-content/plugins/elementor/assets/lib/font-awesome/css/all.min5fef.css]
[wp.ditsolution.net/itsoft/wp-content/plugins/elementor/assets/lib/font-awesome/css/v4-shims.minf3df.css]
[wp.ditsolution.net/itsoft/wp-content/uploads/elementor/css/post-77129ce3.css]
[wp.ditsolution.net/itsoft/wp-content/cache/min/1/itsoft/wp-content/plugins/header-footer-elementor/inc/widgets-css/frontend5fef.css]
[wp.ditsolution.net/itsoft/wp-content/uploads/elementor/css/post-75679ce3.css]
[wp.ditsolution.net/itsoft/wp-content/cache/min/1/itsoft/wp-content/uploads/maxmegamenu/style5fef.css]
[wp.ditsolution.net/itsoft/wp-content/cache/min/1/itsoft/wp-includes/css/dashicons.min5fef.css]
[wp.ditsolution.net/itsoft/wp-content/themes/itsoft/assets/css/bootstrap.min5352.css]
[wp.ditsolution.net/itsoft/wp-content/cache/min/1/itsoft/wp-content/themes/itsoft/venobox/venobox5fef.css]
[wp.ditsolution.net/itsoft/wp-content/cache/min/1/itsoft/wp-content/themes/itsoft/assets/css/nivo-slider5fef.css]
[wp.ditsolution.net/itsoft/wp-content/cache/min/1/itsoft/wp-content/themes/itsoft/assets/css/animate5fef.css]
[wp.ditsolution.net/itsoft/wp-content/cache/min/1/itsoft/wp-content/themes/itsoft/assets/css/slick5fef.css]
[wp.ditsolution.net/itsoft/wp-content/cache/min/1/itsoft/wp-content/themes/itsoft/assets/css/owl.carousel5fef.css]
[wp.ditsolution.net/itsoft/wp-content/cache/min/1/itsoft/wp-content/themes/itsoft/assets/css/owl.transitions5fef.css]
[wp.ditsolution.net/itsoft/wp-content/cache/min/1/itsoft/wp-content/themes/itsoft/assets/css/font-awesome.min5fef.css]
[wp.ditsolution.net/itsoft/wp-content/themes/itsoft/assets/css/meanmenu.min5352.css]
[wp.ditsolution.net/itsoft/wp-content/cache/min/1/itsoft/wp-content/themes/itsoft/assets/css/theme-default5fef.css]
[wp.ditsolution.net/itsoft/wp-content/cache/min/1/itsoft/wp-content/themes/itsoft/assets/css/widget5fef.css]
[wp.ditsolution.net/itsoft/wp-content/cache/min/1/itsoft/wp-content/themes/itsoft/assets/css/unittest5fef.css]
[wp.ditsolution.net/itsoft/wp-content/cache/min/1/itsoft/wp-content/themes/itsoft/style60b0.css]
[wp.ditsolution.net/itsoft/wp-content/cache/min/1/itsoft/wp-content/themes/itsoft/assets/css/responsive60b0.css]
[wp.ditsolution.net/itsoft/wp-content/plugins/wp-rocket/assets/img/youtube.png]
[wp.ditsolution.net/itsoft/wp-content/cache/min/1/itsoft/wp-content/themes/itsoft/assets/css/flaticon60b0.css]
[wp.ditsolution.net/itsoft/wp-content/plugins/elementor/assets/lib/font-awesome/css/fontawesome.min52d5.css]
[wp.ditsolution.net/itsoft/wp-content/cache/min/1/itsoft/wp-content/plugins/elementor/assets/lib/font-awesome/css/brands.min9054.css]
[wp.ditsolution.net/itsoft/wp-content/uploads/2020/09/cropped-main-logo-32x32.png]
[wp.ditsolution.net/itsoft/wp-content/uploads/2020/09/cropped-main-logo-192x192.png]
[wp.ditsolution.net/itsoft/wp-content/uploads/2020/09/cropped-main-logo-180x180.png]
[wp.ditsolution.net/itsoft/wp-content/uploads/2020/10/brd-img.jpg]
[wp.ditsolution.net/itsoft/wp-content/uploads/2020/09/main-logo.png]
[wp.ditsolution.net/itsoft/wp-content/uploads/2020/10/tr-logo.png]
[wp.ditsolution.net/itsoft/wp-content/plugins/revslider/public/assets/assets/dummy.png]
[wp.ditsolution.net/itsoft/wp-content/uploads/2023/04/code.png]
[wp.ditsolution.net/itsoft/wp-content/uploads/2023/05/color.png]
[wp.ditsolution.net/itsoft/wp-content/uploads/2023/05/icon1.png]
[wp.ditsolution.net/itsoft/wp-content/uploads/2023/05/icon2.png]
[wp.ditsolution.net/itsoft/wp-content/uploads/2023/04/about.png]
[wp.ditsolution.net/itsoft/wp-content/uploads/2023/04/01_Home.png]
[wp.ditsolution.net/itsoft/wp-content/uploads/2023/05/img1.png]
[wp.ditsolution.net/itsoft/wp-content/uploads/2023/07/case1.png]
[wp.ditsolution.net/itsoft/wp-content/uploads/2023/07/case2-2.png]
[wp.ditsolution.net/itsoft/wp-content/uploads/2020/09/case2.jpg]
[wp.ditsolution.net/itsoft/wp-content/uploads/2023/05/sk.png]
[wp.ditsolution.net/itsoft/wp-content/uploads/2023/05/s2.png]
[wp.ditsolution.net/itsoft/wp-content/uploads/2023/05/sk1.png]
[wp.ditsolution.net/itsoft/wp-content/uploads/2023/05/a1.png]
[wp.ditsolution.net/itsoft/wp-content/uploads/2020/09/blog1-390x290.jpg]
[wp.ditsolution.net/itsoft/wp-content/uploads/2020/09/blog2-390x290.jpg]
[wp.ditsolution.net/itsoft/wp-content/uploads/2020/09/blog3-390x290.jpg]
[wp.ditsolution.net/itsoft/wp-content/uploads/2023/07/blog1-1.jpg]
[wp.ditsolution.net/itsoft/wp-content/uploads/2023/07/blog2-1.jpg]
[wp.ditsolution.net/itsoft/wp-content/uploads/2022/08/logo-footer.png]
[wp.ditsolution.net/itsoft/wp-content/uploads/2022/07/prealoader-img.gif]
[wp.ditsolution.net/itsoft/wp-content/cache/min/1/itsoft/wp-content/plugins/revslider/public/assets/fonts/font-awesome/css/font-awesome60b0.css]
[wp.ditsolution.net/itsoft/wp-content/plugins/elementor/assets/lib/animations/animations.minf3df.css]
[wp.ditsolution.net/itsoft/wp-content/cache/min/1/itsoft/wp-content/plugins/revslider/public/assets/css/rs660b0.css]
[wp.ditsolution.net/itsoft/wp-content/plugins/wp-rocket/assets/js/lazyload/17.8.3/lazyload.min.js]
[wp.ditsolution.net/itsoft/new-it-consulting/index.html]
[wp.ditsolution.net/itsoft/new-it-consulting/Firefox/index.html]
[wp.ditsolution.net/itsoft/wp-includes/css/dist/block-library/style.min5352.css]
[wp.ditsolution.net/itsoft/wp-content/cache/min/1/itsoft/wp-content/plugins/contact-form-7/includes/css/styles919a.css]
[wp.ditsolution.net/itsoft/wp-content/plugins/preloader-plus/assets/css/preloader-plus.min77e6.css]
[wp.ditsolution.net/itsoft/wp-content/cache/min/1/itsoft/wp-content/plugins/header-footer-elementor/assets/css/header-footer-elementor919a.css]
[wp.ditsolution.net/itsoft/wp-content/cache/min/1/itsoft/wp-content/plugins/elementor/assets/lib/eicons/css/elementor-icons.min919a.css]
[wp.ditsolution.net/itsoft/wp-content/plugins/elementor/assets/css/frontend-legacy.minf3df.css]
[wp.ditsolution.net/itsoft/wp-content/plugins/elementor/assets/css/frontend.minf3df.css]
[wp.ditsolution.net/itsoft/wp-content/uploads/elementor/css/post-8864b.css]
[wp.ditsolution.net/itsoft/wp-content/uploads/2023/09/feature-box-shape1.png]
[wp.ditsolution.net/itsoft/wp-content/cache/min/1/itsoft/wp-content/themes/itsoft/widgets/css/widget-style-two919a.css]
[wp.ditsolution.net/itsoft/wp-content/uploads/2023/09/Consen-2vb.jpg]
[wp.ditsolution.net/itsoft/wp-content/cache/min/1/itsoft/wp-content/themes/itsoft/widgets/css/widget-style-three919a.css]
[wp.ditsolution.net/itsoft/wp-content/uploads/2023/07/section-sub-shape1.png]
[wp.ditsolution.net/itsoft/wp-content/cache/min/1/itsoft/wp-content/themes/itsoft/widgets/css/widgets-style5fef.css]
[wp.ditsolution.net/itsoft/wp-content/cache/min/1/itsoft/wp-content/plugins/elementor/assets/lib/font-awesome/css/all.min5fef.css]
[wp.ditsolution.net/itsoft/wp-content/plugins/elementor/assets/lib/font-awesome/css/v4-shims.minf3df.css]
[wp.ditsolution.net/itsoft/wp-content/uploads/2023/04/feature.jpg]
[wp.ditsolution.net/itsoft/wp-content/uploads/2023/04/counter.jpg]
[wp.ditsolution.net/itsoft/wp-content/uploads/2023/05/skill.jpg]
[wp.ditsolution.net/itsoft/wp-content/uploads/2023/05/case-1.jpg]
[wp.ditsolution.net/itsoft/wp-content/uploads/2023/05/p.jpg]
[wp.ditsolution.net/itsoft/wp-content/uploads/2023/05/01_Home-1.jpg]
[wp.ditsolution.net/itsoft/wp-content/uploads/2023/05/01_Home-10.jpg]
[wp.ditsolution.net/itsoft/wp-content/uploads/elementor/css/post-77129ce3.css]
[wp.ditsolution.net/itsoft/wp-content/cache/min/1/itsoft/wp-content/plugins/header-footer-elementor/inc/widgets-css/frontend5fef.css]
[wp.ditsolution.net/itsoft/wp-content/uploads/2022/08/footer.jpg]
[wp.ditsolution.net/itsoft/wp-content/uploads/2022/08/mail.png]
[wp.ditsolution.net/itsoft/wp-content/uploads/elementor/css/post-75679ce3.css]
[wp.ditsolution.net/itsoft/wp-content/cache/min/1/itsoft/wp-content/uploads/maxmegamenu/style5fef.css]
[wp.ditsolution.net/itsoft/wp-content/cache/min/1/itsoft/wp-includes/css/dashicons.min5fef.css]
[wp.ditsolution.net/itsoft/wp-content/themes/itsoft/assets/css/bootstrap.min5352.css]
[wp.ditsolution.net/itsoft/wp-content/themes/itsoft/venobox/preload-circle.png]
[wp.ditsolution.net/itsoft/wp-content/themes/itsoft/venobox/close.gif]
[wp.ditsolution.net/itsoft/wp-content/themes/itsoft/venobox/prev.gif]
[wp.ditsolution.net/itsoft/wp-content/themes/itsoft/venobox/next.gif]
[wp.ditsolution.net/itsoft/wp-content/cache/min/1/itsoft/wp-content/themes/itsoft/venobox/venobox5fef.css]
[wp.ditsolution.net/itsoft/wp-content/cache/min/1/itsoft/wp-content/themes/itsoft/assets/css/nivo-slider5fef.css]
[wp.ditsolution.net/itsoft/wp-content/cache/min/1/itsoft/wp-content/themes/itsoft/assets/css/animate5fef.css]
[wp.ditsolution.net/itsoft/wp-content/cache/min/1/itsoft/wp-content/themes/itsoft/assets/css/slick5fef.css]
[wp.ditsolution.net/itsoft/wp-content/themes/itsoft/assets/css/owl.video.play.png]
[wp.ditsolution.net/itsoft/wp-content/cache/min/1/itsoft/wp-content/themes/itsoft/assets/css/owl.carousel5fef.css]
[wp.ditsolution.net/itsoft/wp-content/cache/min/1/itsoft/wp-content/themes/itsoft/assets/css/owl.transitions5fef.css]
[wp.ditsolution.net/itsoft/wp-content/cache/min/1/itsoft/wp-content/themes/itsoft/assets/css/font-awesome.min5fef.css]
[wp.ditsolution.net/itsoft/wp-content/themes/itsoft/assets/css/meanmenu.min5352.css]
[wp.ditsolution.net/itsoft/wp-content/cache/min/1/itsoft/wp-content/themes/itsoft/assets/css/theme-default5fef.css]
[wp.ditsolution.net/itsoft/wp-content/cache/min/1/itsoft/wp-content/themes/itsoft/assets/css/widget5fef.css]
[wp.ditsolution.net/itsoft/wp-content/cache/min/1/itsoft/wp-content/themes/itsoft/assets/css/unittest5fef.css]
[wp.ditsolution.net/itsoft/wp-content/themes/itsoft/assets/images/circle-small.png]
[wp.ditsolution.net/itsoft/wp-content/themes/itsoft/assets/images/shape6.png]
[itsoft.dreamitsolution.net/wp-content/uploads/2022/08/port.png]
[wp.ditsolution.net/itsoft/wp-content/cache/min/1/itsoft/wp-content/themes/itsoft/style60b0.css]
[wp.ditsolution.net/itsoft/wp-content/cache/min/1/itsoft/wp-content/themes/itsoft/assets/css/responsive60b0.css]
[wp.ditsolution.net/itsoft/wp-content/themes/itsoft/assets/css/em-breadcrumb5352.css]
[wp.ditsolution.net/itsoft/wp-content/cache/min/1/itsoft/wp-content/themes/itsoft/assets/css/flaticon60b0.css]
[wp.ditsolution.net/itsoft/wp-content/plugins/elementor/assets/lib/font-awesome/css/fontawesome.min52d5.css]
[wp.ditsolution.net/itsoft/wp-content/cache/min/1/itsoft/wp-content/plugins/elementor/assets/lib/font-awesome/css/brands.min9054.css]
[wp.ditsolution.net/itsoft/wp-content/cache/min/1/itsoft/wp-content/plugins/revslider/public/assets/fonts/font-awesome/css/font-awesome60b0.css]
[wp.ditsolution.net/itsoft/wp-content/plugins/elementor/assets/lib/animations/animations.minf3df.css]
[wp.ditsolution.net/itsoft/wp-content/plugins/revslider/public/assets/assets/gridtile.png]
[wp.ditsolution.net/itsoft/wp-content/plugins/revslider/public/assets/assets/gridtile_white.png]
[wp.ditsolution.net/itsoft/wp-content/plugins/revslider/public/assets/assets/gridtile_3x3.png]
[wp.ditsolution.net/itsoft/wp-content/plugins/revslider/public/assets/assets/gridtile_3x3_white.png]
[wp.ditsolution.net/itsoft/wp-content/plugins/revslider/public/assets/assets/coloredbg.png]
[wp.ditsolution.net/itsoft/wp-content/plugins/revslider/public/assets/assets/loader.gif]
[wp.ditsolution.net/itsoft/wp-content/cache/min/1/itsoft/wp-content/plugins/revslider/public/assets/css/rs660b0.css]
[wp.ditsolution.net/itsoft/wp-content/plugins/wp-rocket/assets/js/lazyload/17.8.3/lazyload.min.js]
[wp.ditsolution.net/itsoft/wp-content/themes/itsoft/assets/css/owl.video.play.html]
[wp.ditsolution.net/itsoft/wp-content/themes/itsoft/assets/images/circle-small.html]
[wp.ditsolution.net/itsoft/wp-content/themes/itsoft/assets/images/shape6.html]
